// Jest Snapshot v1, https://goo.gl/fbAQLP

exports[`Acceptable Sort Component renders to match snapshot 1`] = `
<body>
  <div>
    <div
      class="bg-white md:sticky top-0 rounded-b-lg z-20 mt-16 md:mt-0 md:flex items-center justify-between p-4 w-full shadow-lg mb-8"
    >
      <div
        class="md:flex items-center"
      >
        <div
          class="flex items-center mr-8"
        >
          <svg
            class="w-6 h-6 cursor-pointer mx-1 text-primary"
            fill="none"
            stroke="currentColor"
            stroke-width="1.5"
            viewBox="0 0 24 24"
            xmlns="http://www.w3.org/2000/svg"
          >
            <path
              d="M3.75 6A2.25 2.25 0 016 3.75h2.25A2.25 2.25 0 0110.5 6v2.25a2.25 2.25 0 01-2.25 2.25H6a2.25 2.25 0 01-2.25-2.25V6zM3.75 15.75A2.25 2.25 0 016 13.5h2.25a2.25 2.25 0 012.25 2.25V18a2.25 2.25 0 01-2.25 2.25H6A2.25 2.25 0 013.75 18v-2.25zM13.5 6a2.25 2.25 0 012.25-2.25H18A2.25 2.25 0 0120.25 6v2.25A2.25 2.25 0 0118 10.5h-2.25a2.25 2.25 0 01-2.25-2.25V6zM13.5 15.75a2.25 2.25 0 012.25-2.25H18a2.25 2.25 0 012.25 2.25V18A2.25 2.25 0 0118 20.25h-2.25A2.25 2.25 0 0113.5 18v-2.25z"
              stroke-linecap="round"
              stroke-linejoin="round"
            />
          </svg>
          <svg
            class="w-6 h-6 cursor-pointer mx-1 text-gray-400"
            fill="none"
            stroke="currentColor"
            stroke-width="1.5"
            viewBox="0 0 24 24"
            xmlns="http://www.w3.org/2000/svg"
          >
            <path
              d="M8.25 6.75h12M8.25 12h12m-12 5.25h12M3.75 6.75h.007v.008H3.75V6.75zm.375 0a.375.375 0 11-.75 0 .375.375 0 01.75 0zM3.75 12h.007v.008H3.75V12zm.375 0a.375.375 0 11-.75 0 .375.375 0 01.75 0zm-.375 5.25h.007v.008H3.75v-.008zm.375 0a.375.375 0 11-.75 0 .375.375 0 01.75 0z"
              stroke-linecap="round"
              stroke-linejoin="round"
            />
          </svg>
          <svg
            class="w-6 h-6 cursor-pointer mx-1 text-gray-400"
            fill="none"
            stroke="currentColor"
            stroke-width="1.5"
            viewBox="0 0 24 24"
            xmlns="http://www.w3.org/2000/svg"
          >
            <path
              d="M3.375 19.5h17.25m-17.25 0a1.125 1.125 0 01-1.125-1.125M3.375 19.5h7.5c.621 0 1.125-.504 1.125-1.125m-9.75 0V5.625m0 12.75v-1.5c0-.621.504-1.125 1.125-1.125m18.375 2.625V5.625m0 12.75c0 .621-.504 1.125-1.125 1.125m1.125-1.125v-1.5c0-.621-.504-1.125-1.125-1.125m0 3.75h-7.5A1.125 1.125 0 0112 18.375m9.75-12.75c0-.621-.504-1.125-1.125-1.125H3.375c-.621 0-1.125.504-1.125 1.125m19.5 0v1.5c0 .621-.504 1.125-1.125 1.125M2.25 5.625v1.5c0 .621.504 1.125 1.125 1.125m0 0h17.25m-17.25 0h7.5c.621 0 1.125.504 1.125 1.125M3.375 8.25c-.621 0-1.125.504-1.125 1.125v1.5c0 .621.504 1.125 1.125 1.125m17.25-3.75h-7.5c-.621 0-1.125.504-1.125 1.125m8.625-1.125c.621 0 1.125.504 1.125 1.125v1.5c0 .621-.504 1.125-1.125 1.125m-17.25 0h7.5m-7.5 0c-.621 0-1.125.504-1.125 1.125v1.5c0 .621.504 1.125 1.125 1.125M12 10.875v-1.5m0 1.5c0 .621-.504 1.125-1.125 1.125M12 10.875c0 .621.504 1.125 1.125 1.125m-2.25 0c.621 0 1.125.504 1.125 1.125M13.125 12h7.5m-7.5 0c-.621 0-1.125.504-1.125 1.125M20.625 12c.621 0 1.125.504 1.125 1.125v1.5c0 .621-.504 1.125-1.125 1.125m-17.25 0h7.5M12 14.625v-1.5m0 1.5c0 .621-.504 1.125-1.125 1.125M12 14.625c0 .621.504 1.125 1.125 1.125m-2.25 0c.621 0 1.125.504 1.125 1.125m0 1.5v-1.5m0 0c0-.621.504-1.125 1.125-1.125m0 0h7.5"
              stroke-linecap="round"
              stroke-linejoin="round"
            />
          </svg>
        </div>
        <div
          class="mt-4 md:mt-0 flex items-center"
        >
          <p
            class="text-sm mr-2 text-gray-500"
          >
            limit:
          </p>
          <select
            class="bg-gray-100 min-w-[6rem] border max-w-xl border-gray-300 text-gray-900 text-sm rounded-lg focus:ring-blue-500 focus:border-blue-500 block w-full py-2.5 px-4  "
            id="select"
            placeholder="Select"
          >
            <option
              value="All"
            >
              All
            </option>
            <option
              value="10"
            >
              10
            </option>
            <option
              value="20"
            >
              20
            </option>
            <option
              value="30"
            >
              30
            </option>
            <option
              value="40"
            >
              40
            </option>
          </select>
        </div>
      </div>
      <div
        class="flex items-center mt-4 md:mt-0"
      >
        <svg
          aria-hidden="true"
          class="w-6 h-6 mr-3 text-gray-500 "
          fill="currentColor"
          viewBox="0 0 18 20"
          xmlns="http://www.w3.org/2000/svg"
        >
          <path
            d="M7.75 4H19M7.75 4a2.25 2.25 0 0 1-4.5 0m4.5 0a2.25 2.25 0 0 0-4.5 0M1 4h2.25m13.5 6H19m-2.25 0a2.25 2.25 0 0 1-4.5 0m4.5 0a2.25 2.25 0 0 0-4.5 0M1 10h11.25m-4.5 6H19M7.75 16a2.25 2.25 0 0 1-4.5 0m4.5 0a2.25 2.25 0 0 0-4.5 0M1 16h2.25"
            stroke="currentColor"
            stroke-linecap="round"
            stroke-linejoin="round"
            stroke-width="2"
          />
        </svg>
        <select
          class="bg-gray-100 min-w-[6rem] border max-w-xl border-gray-300 text-gray-900 text-sm rounded-lg focus:ring-blue-500 focus:border-blue-500 block w-full py-2.5 px-4  "
          id="select"
          placeholder="Select"
        >
          <option
            value="Recommended"
          >
            Recommended
          </option>
          <option
            value="New"
          >
            New
          </option>
          <option
            value="Cheapest"
          >
            Cheapest
          </option>
        </select>
      </div>
    </div>
  </div>
</body>
`;
